// Jest Snapshot v1, https://goo.gl/fbAQLP

exports[`App component renders 1`] = `
<div>
  <h1>
    Reservation Module
  </h1>
</div>
`;
